==93859== Memcheck, a memory error detector
==93859== Copyright (C) 2002-2022, and GNU GPL'd, by Julian Seward et al.
==93859== Using Valgrind-3.22.0 and LibVEX; rerun with -h for copyright info
==93859== Command: ./cc3k --improved-hoard-placement test-demos/ambiguous-dragons.txt
==93859== 
==93859== warning: Can't handle line info entry with line number -119721 smaller than 0
==93859== (Nb: this message is only shown once)
==93859== warning: Can't handle inlined call info entry with line number -119688 smaller than 0
==93859== (Nb: this message is only shown once)
==93859== 
==93859== Process terminating with default action of signal 2 (SIGINT)
==93859==    at 0x4D37A91: read (read.c:26)
==93859==    by 0x4CAE7A4: _IO_file_underflow@@GLIBC_2.2.5 (fileops.c:517)
==93859==    by 0x4CB15D1: _IO_default_uflow (genops.c:362)
==93859==    by 0x4997AB8: __gnu_cxx::stdio_sync_filebuf<char, std::char_traits<char> >::underflow() (in /usr/lib/x86_64-linux-gnu/libstdc++.so.6.0.35)
==93859==    by 0x49A6BA6: std::istream::sentry::sentry(std::istream&, bool) (in /usr/lib/x86_64-linux-gnu/libstdc++.so.6.0.35)
==93859==    by 0x4942CD8: std::basic_istream<char, std::char_traits<char> >& std::operator>><char, std::char_traits<char>, std::allocator<char> >(std::basic_istream<char, std::char_traits<char> >&, std::__cxx11::basic_string<char, std::char_traits<char>, std::allocator<char> >&) (in /usr/lib/x86_64-linux-gnu/libstdc++.so.6.0.35)
==93859==    by 0x1756D6: StdinInputHandler@stdininputhandler::readRaceCommand() (in /home/taylo/assignments/cs246-project/cc3k)
==93859==    by 0x175E86: StdinInputHandler@stdininputhandler::readCommand() (in /home/taylo/assignments/cs246-project/cc3k)
==93859==    by 0x15313D: InputHandler@inputhandler::processInput() (input-handler.cc:59)
==93859==    by 0x1566A7: main (main.cc:174)
==93859== 
==93859== HEAP SUMMARY:
==93859==     in use at exit: 96,590 bytes in 72 blocks
==93859==   total heap usage: 129 allocs, 57 frees, 100,790 bytes allocated
==93859== 
==93859== LEAK SUMMARY:
==93859==    definitely lost: 0 bytes in 0 blocks
==93859==    indirectly lost: 0 bytes in 0 blocks
==93859==      possibly lost: 0 bytes in 0 blocks
==93859==    still reachable: 96,590 bytes in 72 blocks
==93859==         suppressed: 0 bytes in 0 blocks
==93859== Rerun with --leak-check=full to see details of leaked memory
==93859== 
==93859== For lists of detected and suppressed errors, rerun with: -s
==93859== ERROR SUMMARY: 0 errors from 0 contexts (suppressed: 0 from 0)
